// Jest Snapshot v1, https://goo.gl/fbAQLP

exports[`renders correctly 1`] = `
<div>
  <h1>
    Hello, world.
  </h1>
  <span>
    0
     - 
    1
     - 
    1
  </span>
</div>
`;
